// Jest Snapshot v1, https://goo.gl/fbAQLP

exports[`prime factors of 0 1`] = `[]`;

exports[`prime factors of 42 1`] = `
[
  [
    2,
    1,
  ],
  [
    3,
    1,
  ],
  [
    7,
    1,
  ],
]
`;

exports[`prime factors of 100 1`] = `
[
  [
    2,
    2,
  ],
  [
    5,
    2,
  ],
]
`;

exports[`prime factors of 9007199254740991 1`] = `
[
  [
    6361,
    1,
  ],
  [
    69431,
    1,
  ],
  [
    20394401,
    1,
  ],
]
`;
